--2025-09-26 18:44:17--  https://difflists.com/index.html
Resolving difflists.com (difflists.com)... 162.0.217.78
Connecting to difflists.com (difflists.com)|162.0.217.78|:443... connected.
HTTP request sent, awaiting response... 301 Moved Permanently
Location: https://difflists.com/index [following]
--2025-09-26 18:44:18--  https://difflists.com/index
Reusing existing connection to difflists.com:443.
HTTP request sent, awaiting response... 200 OK
Length: 68720 (67K) [text/html]
Saving to: 'C:/_z/t94/single-page-apps/list-comparison-tool/.dl/../difflists.com/index.html'

     0K .......... .......... .......... .......... .......... 74% 82.6K 0s
    50K .......... .......                                    100% 6.54M=0.6s

2025-09-26 18:44:19 (110 KB/s) - 'C:/_z/t94/single-page-apps/list-comparison-tool/.dl/../difflists.com/index.html' saved [68720/68720]

--2025-09-26 18:44:19--  https://difflists.com/styles.css
Reusing existing connection to difflists.com:443.
HTTP request sent, awaiting response... 200 OK
Length: 4974 (4.9K) [text/css]
Saving to: 'C:/_z/t94/single-page-apps/list-comparison-tool/.dl/../difflists.com/styles.css'

     0K ....                                                  100% 17.9M=0s

2025-09-26 18:44:19 (17.9 MB/s) - 'C:/_z/t94/single-page-apps/list-comparison-tool/.dl/../difflists.com/styles.css' saved [4974/4974]

--2025-09-26 18:44:19--  https://difflists.com/logo.png
Reusing existing connection to difflists.com:443.
HTTP request sent, awaiting response... 200 OK
Length: 2581 (2.5K) [image/png]
Saving to: 'C:/_z/t94/single-page-apps/list-comparison-tool/.dl/../difflists.com/logo.png'

     0K ..                                                    100% 11.4M=0s

2025-09-26 18:44:19 (11.4 MB/s) - 'C:/_z/t94/single-page-apps/list-comparison-tool/.dl/../difflists.com/logo.png' saved [2581/2581]

--2025-09-26 18:44:19--  https://difflists.com/images/difference-1-only.png
Reusing existing connection to difflists.com:443.
HTTP request sent, awaiting response... 200 OK
Length: 2840 (2.8K) [image/png]
Saving to: 'C:/_z/t94/single-page-apps/list-comparison-tool/.dl/../difflists.com/images/difference-1-only.png'

     0K ..                                                    100% 12.9M=0s

2025-09-26 18:44:19 (12.9 MB/s) - 'C:/_z/t94/single-page-apps/list-comparison-tool/.dl/../difflists.com/images/difference-1-only.png' saved [2840/2840]

--2025-09-26 18:44:19--  https://difflists.com/images/difference-2-only.png
Reusing existing connection to difflists.com:443.
HTTP request sent, awaiting response... 200 OK
Length: 2977 (2.9K) [image/png]
Saving to: 'C:/_z/t94/single-page-apps/list-comparison-tool/.dl/../difflists.com/images/difference-2-only.png'

     0K ..                                                    100% 15.0M=0s

2025-09-26 18:44:20 (15.0 MB/s) - 'C:/_z/t94/single-page-apps/list-comparison-tool/.dl/../difflists.com/images/difference-2-only.png' saved [2977/2977]

--2025-09-26 18:44:20--  https://difflists.com/images/intersection.png
Reusing existing connection to difflists.com:443.
HTTP request sent, awaiting response... 200 OK
Length: 2721 (2.7K) [image/png]
Saving to: 'C:/_z/t94/single-page-apps/list-comparison-tool/.dl/../difflists.com/images/intersection.png'

     0K ..                                                    100% 13.1M=0s

2025-09-26 18:44:20 (13.1 MB/s) - 'C:/_z/t94/single-page-apps/list-comparison-tool/.dl/../difflists.com/images/intersection.png' saved [2721/2721]

--2025-09-26 18:44:20--  https://difflists.com/images/union.png
Reusing existing connection to difflists.com:443.
HTTP request sent, awaiting response... 200 OK
Length: 2529 (2.5K) [image/png]
Saving to: 'C:/_z/t94/single-page-apps/list-comparison-tool/.dl/../difflists.com/images/union.png'

     0K ..                                                    100% 6.75M=0s

2025-09-26 18:44:20 (6.75 MB/s) - 'C:/_z/t94/single-page-apps/list-comparison-tool/.dl/../difflists.com/images/union.png' saved [2529/2529]

--2025-09-26 18:44:20--  https://difflists.com/images/symmetric-difference.png
Reusing existing connection to difflists.com:443.
HTTP request sent, awaiting response... 200 OK
Length: 2781 (2.7K) [image/png]
Saving to: 'C:/_z/t94/single-page-apps/list-comparison-tool/.dl/../difflists.com/images/symmetric-difference.png'

     0K ..                                                    100% 9.82M=0s

2025-09-26 18:44:20 (9.82 MB/s) - 'C:/_z/t94/single-page-apps/list-comparison-tool/.dl/../difflists.com/images/symmetric-difference.png' saved [2781/2781]

--2025-09-26 18:44:20--  https://difflists.com/jquery-3.6.1.min.js
Reusing existing connection to difflists.com:443.
HTTP request sent, awaiting response... 200 OK
Length: 89664 (88K) [text/javascript]
Saving to: 'C:/_z/t94/single-page-apps/list-comparison-tool/.dl/../difflists.com/jquery-3.6.1.min.js'

     0K .......... .......... .......... .......... .......... 57%  154K 0s
    50K .......... .......... .......... .......              100% 58.8K=1.0s

2025-09-26 18:44:21 (90.9 KB/s) - 'C:/_z/t94/single-page-apps/list-comparison-tool/.dl/../difflists.com/jquery-3.6.1.min.js' saved [89664/89664]

--2025-09-26 18:44:21--  https://difflists.com/scripts.js
Reusing existing connection to difflists.com:443.
HTTP request sent, awaiting response... 200 OK
Length: 5195 (5.1K) [text/javascript]
Saving to: 'C:/_z/t94/single-page-apps/list-comparison-tool/.dl/../difflists.com/scripts.js'

     0K .....                                                 100% 24.9M=0s

2025-09-26 18:44:22 (24.9 MB/s) - 'C:/_z/t94/single-page-apps/list-comparison-tool/.dl/../difflists.com/scripts.js' saved [5195/5195]

FINISHED --2025-09-26 18:44:22--
Total wall clock time: 5.2s
Downloaded: 10 files, 181K in 1.6s (115 KB/s)
